30 - 30
PAVEMENT
Plain
Plain
Plain
Hill - Airport 00
Plain
Mountain - City 00
Sea
Sea
Hill - City 01
Hill
Hill
Desert
Plain
Desert
Hill
Sea
Sea
Hill
Hill
Hill - Oil Derrick 00
Mountain
Desert
Desert
Desert - Oil Derrick 01
Desert
Sea
Sea
Mountain
Mountain
Hill
Desert - City 02
Plain
Plain
Hill - City 03
Hill
Hill
Sea
Sea
Hill
Hill
Hill
Desert
Desert
Plain
Sea
Sea
Sea
Desert
Hill
Hill
Desert
Desert
Desert
Mountain
Sea
Sea
Sea
Sea
Mountain
Mountain
Plain
Plain
Hill
Plain
Plain
Plain
Sea
Hill - Harbour 00
Hill
Hill
Hill
Plain
Desert - Oasis 00
Plain
Sea
Desert
Desert
Desert
Desert
Hill
Sea
Desert - Oil Derrick 02
Hill
Mountain - City 04
Mountain - City 05
Plain
Mountain
Plain
Mountain
Hill
Plain
Hill
Plain - Airport 01
Plain
Plain
Hill
Hill
Hill
Hill
Sea
Sea
Sea
Plain
Plain
Desert
Sea
Sea
Mountain - City 06
Hill
Plain
Mountain
Desert
Desert
Hill
Hill
Hill - Harbour 01
Plain
Plain
Plain
Hill
Plain
Plain
Plain
Plain
Plain
Plain - City 07
Hill - Airport 02
Hill
Hill
Sea
Sea
Sea
Desert
Plain
Desert
Mountain
Desert
Hill
Plain
Hill
Hill
Hill
Hill
Hill
Hill
Sea
Plain
Plain
Desert - Oasis 01
Plain
Mountain
Plain - Harbour 02
Plain
Plain
Plain
Sea
Hill
Sea
Sea
Sea
Sea
Sea
Desert
Desert
Desert
Sea
Desert
Hill
Hill
Plain
Desert - City 08
Hill
Hill
Hill
Hill
Hill - Harbour 03
Desert - Military Camp 00
Plain
Plain
Plain
Plain - Airport 03
Sea
Plain
Desert
Desert
Hill
Sea
Mountain
Hill - Harbour 04
Sea
Sea
Hill
Sea
Desert - Oil Derrick 03
Desert
Desert
Desert
Desert
Hill
Sea
Hill
Hill - Oil Derrick 04
Hill
Hill
Sea
Desert
Desert
Desert
Plain
Desert
Sea
Plain
Sea
Sea
Sea
Sea
Mountain
Hill
Hill
Sea
Sea
Sea
Sea
Sea
Desert
Desert - Oasis 02
Plain
Plain
Hill
Hill - Harbour 05
Hill
Hill
Hill - Harbour 06
Hill
Sea
Desert
Desert - Military Camp 01
Desert
Desert
Sea
Sea
Sea
Plain
Sea
Sea
Sea
Hill
Hill
Hill
Hill - Harbour 07
Mountain
Mountain - Harbour 08
Sea
Sea
Sea
Desert
Mountain
Plain
Plain
Sea
Plain
Hill - Harbour 09
Hill - Harbour 10
Sea
Sea
Sea
Sea
Mountain
Hill
Sea
Sea
Plain
Plain
Sea
Sea
Mountain
Sea
Sea
Hill
Sea
Sea
Sea
Sea
Sea
Sea
Sea
Desert
Mountain - Harbour 11
Sea
Sea
Sea
Sea
Sea
Mountain - Harbour 12
Mountain
Sea
Sea
Sea
Hill - Harbour 13
Hill - Airport 04
Sea
Sea
Desert
Sea
Sea
Sea
Sea
Sea
Sea
Sea
Sea
Sea
Sea
Desert
Sea
Sea
Sea
Sea
Sea
Sea
Sea
Sea
Sea
Mountain
Mountain
Plain
Sea
Sea
Hill
Hill
Sea
Sea
Sea
Sea
Sea
Sea
Sea
Sea
Sea
Sea
Sea
Sea
Sea
Sea
Desert
Sea
Sea
Mountain
Sea
Sea
Sea
Sea
Sea
Hill
Plain
Mountain
Desert
Plain
Plain
Plain
Sea
Sea
Sea
Sea
Sea
Sea
Desert
Sea
Sea
Sea
Desert
Desert
Desert
Desert
Desert - Airport 05
Plain
Sea
Sea
Sea
Sea
Sea
Sea
Sea
Mountain
Mountain
Plain
Plain
Plain
Plain
Desert
Sea
Sea
Sea
Sea
Sea
Desert
Sea
Sea
Desert
Desert
Desert
Plain - Military Camp 02
Desert
Desert
Desert
Sea
Sea
Hill
Sea
Sea
Plain
Sea
Sea
Sea
Mountain - Airport 06
Mountain
Mountain
Plain
Plain
Plain
Sea
Sea
Sea
Sea
Hill
Sea
Hill
Desert
Desert - Oasis 03
Desert
Desert
Desert
Desert
Desert
Desert
Desert
Hill - City 09
Desert
Hill
Hill - Harbour 14
Hill - City 10
Sea
Sea
Sea
Mountain
Sea
Mountain
Hill
Hill
Plain
Sea
Sea
Sea
Mountain
Sea
Sea
Hill
Hill
Hill
Mountain
Mountain
Desert
Desert
Desert
Desert
Desert - Oil Derrick 05
Hill
Hill
Plain
Desert
Hill
Hill
Sea
Sea
Sea
Mountain - Airport 07
Mountain
Hill
Hill
Plain
Hill
Hill
Sea
Sea
Sea
Hill
Hill
Hill - Airport 08
Mountain
Mountain
Mountain
Mountain
Desert
Desert
Desert
Plain
Plain
Plain
Hill
Desert
Mountain
Sea
Hill
Sea
Sea
Sea
Mountain
Mountain - Airport 09
Hill
Plain
Hill
Hill - Airport 10
Hill
Hill
Hill
Plain
Plain
Mountain - Oasis 04
Mountain - Oil Derrick 06
Mountain - Airport 11
Mountain
Hill
Desert
Desert
Desert
Desert
Plain
Plain
Plain
Mountain
Desert
Sea
Plain
Sea
Sea
Sea
Mountain
Mountain
Hill
Plain
Hill
Hill - Airport 12
Hill
Sea
Sea
Mountain
Mountain
Mountain - Oasis 05
Mountain
Mountain
Desert - City 11
Desert
Hill
Hill
Desert
Desert
Plain
Sea
Plain
Plain
Plain
Sea
Sea
Desert
Sea
Hill
Sea
Mountain
Plain
Hill
Mountain
Hill
Hill
Sea
Sea
Mountain
Mountain
Mountain - Airport 13
Mountain - City 12
Mountain
Mountain - Oasis 06
Desert
Hill
Hill
Desert
Plain
Hill - City 13
Plain
Plain
Sea
Plain
Sea
Sea
Hill
Desert
Sea
Mountain - Harbour 15
Sea
Plain
Plain
Mountain
Mountain
Mountain
Mountain - Harbour 16
Sea
Mountain
Mountain
Mountain
Mountain
Mountain
Mountain
Mountain
Mountain
Hill
Desert - City 14
Sea
Sea
Desert - Airport 14
Hill
Hill
Plain
Plain
Plain
Hill
Desert
Sea
Mountain - Harbour 17
Sea
Plain
Hill
Mountain - City 15
Plain
Mountain
Plain
Mountain
Mountain
Mountain
Mountain
Mountain
Mountain - Military Camp 03
Mountain - Military Camp 04
Mountain
Mountain
Hill
Sea
Sea
Sea
Hill
Hill
Hill
Plain
Plain
Plain
Hill - City 16
Hill
Hill
Sea
Hill
Sea
Sea
Mountain
Hill - Oasis 07
Plain - City 17
Mountain
Mountain
Desert - Oasis 08
Desert
Mountain
Mountain - Oil Derrick 07
Mountain
Mountain
Hill
Hill
Mountain - Harbour 18
Desert
Sea
Sea
Sea
Hill
Hill
Hill
Desert - Oil Derrick 08
Sea
Hill
Plain
Hill
Mountain
Sea
Sea
Sea
Hill
Plain
Mountain
Plain
Sea
Sea
Sea
Desert
Desert
Mountain
Mountain
Sea
Sea
Hill
Desert
Mountain
Sea
Sea
Hill
Hill
Sea
Sea
Hill
Hill
Plain
Hill
Hill
Sea
Sea
Hill
Plain - City 18
Plain - Airport 15
Plain - Oasis 09
Plain
Sea
Sea
Hill
Hill
Hill
Desert
Plain
Sea
Sea
Desert
Mountain
Mountain
Sea
Sea
Hill
Hill
Hill
Mountain
Hill
Hill
Desert
Plain
Hill
Sea
Sea
Mountain
Plain - Oasis 10
Plain
Plain
Plain - Harbour 19
Sea
Sea
Plain
Plain
Plain - Airport 16
Desert
Plain
Plain
Desert
Desert - Airport 17
Mountain
Mountain - Military Camp 05
Mountain
Desert
Sea
Hill - Airport 18
Hill
Hill
Mountain
Desert
Plain
Plain
Hill
Sea
Sea
Plain - Harbour 20
Plain
Plain
Mountain
Plain
Sea
Sea
Sea
Sea
Desert
Desert
Plain
Plain
Desert
Mountain
Mountain
Mountain - Military Camp 06
Desert
Sea
Plain - Airport 19
Plain
Plain
Desert - Oil Derrick 09
Desert
Plain
Hill
Plain
Desert
Hill - Harbour 21
Hill
Plain
Plain
Desert
Mountain
Mountain
Plain
Plain
Plain
Desert
Mountain
Mountain
Plain
Desert
Desert
Mountain
Plain
Mountain - Oasis 11
Mountain
Mountain
Sea
Sea
Plain
Plain
Desert
Sea
Sea
Plain
Desert
Desert
Hill
Hill
Desert
Mountain
Mountain
Mountain
Plain
Sea
Desert
Plain
Mountain
Mountain
Mountain - Oasis 12
Plain - Oil Derrick 10
Plain
Mountain
Mountain - Airport 20
Mountain
Mountain - Oil Derrick 11
Mountain
Sea
Sea
Plain - Airport 21
Plain
Desert
Sea
Sea
Sea
Desert
Hill
Hill
Plain - Oasis 13
Plain
Mountain
Desert
Mountain
Hill
Plain
Plain
Desert
Desert
Plain
Mountain
Plain
Mountain
Plain
Plain
Mountain
Plain
Mountain
Mountain
Sea
Sea
Desert - Military Camp 07
Desert
Desert
Desert - Oil Derrick 12
Sea
Sea
Hill
Hill
Plain
